{
    "params: --skip_decoy false -stub": {
        "content": [
            0,
            null,
            [
                "execution_report_2026-01-30_14-40-38.html",
                "execution_timeline_2026-01-30_14-40-38.html",
                "pipeline_dag_2026-01-30_14-40-38.html",
                "pipeline_info"
            ],
            [
                "execution_report_2026-01-30_14-40-38.html:md5,09ed6a4a684aceef7ea34805cc020ca9",
                "execution_timeline_2026-01-30_14-40-38.html:md5,d117ff7aa42593c99b18ae899f3f3ad7",
                "pipeline_dag_2026-01-30_14-40-38.html:md5,6841fa6565180c4f2045c2468d8a2c2a"
            ]
        ],
        "meta": {
            "nf-test": "0.9.3",
            "nextflow": "25.10.2"
        },
        "timestamp": "2026-01-30T14:40:51.090388226"
    },
    "params: --skip_decoy false": {
        "content": [
            0,
            null,
            [
                "execution_report_2026-01-30_14-40-16.html",
                "execution_timeline_2026-01-30_14-40-16.html",
                "pipeline_dag_2026-01-30_14-40-16.html",
                "pipeline_info"
            ],
            [
                "execution_report_2026-01-30_14-40-16.html:md5,acea5fef96a4c4ca6ddc08ad545a6882",
                "execution_timeline_2026-01-30_14-40-16.html:md5,04318bd84653865d3ea07d52baf4cc69",
                "pipeline_dag_2026-01-30_14-40-16.html:md5,6841fa6565180c4f2045c2468d8a2c2a"
            ]
        ],
        "meta": {
            "nf-test": "0.9.3",
            "nextflow": "25.10.2"
        },
        "timestamp": "2026-01-30T14:40:29.016673262"
    }
}