{
    "-profile test": {
        "content": [
            null,
            [
                "execution_report_2026-01-16_15-52-41.html",
                "execution_timeline_2026-01-16_15-52-41.html",
                "pipeline_dag_2026-01-16_15-52-41.html",
                "pipeline_info"
            ],
            [
                "execution_report_2026-01-16_15-52-41.html:md5,6140ac117f9fe412b0fb233c79df67f9",
                "execution_timeline_2026-01-16_15-52-41.html:md5,abb31bfdf1cd54a388762c5e343cebee",
                "pipeline_dag_2026-01-16_15-52-41.html:md5,a59fae3083d3d07ae6dd481de1a9a080"
            ]
        ],
        "meta": {
            "nf-test": "0.9.3",
            "nextflow": "25.10.2"
        },
        "timestamp": "2026-01-16T15:52:54.822813178"
    }
}