{
    "params: --skip_ensembl false": {
        "content": [
            6,
            null,
            [
                "execution_report_2026-01-16_15-53-04.html",
                "execution_timeline_2026-01-16_15-53-04.html",
                "pipeline_dag_2026-01-16_15-53-04.html",
                "pipeline_info"
            ],
            [
                "execution_report_2026-01-16_15-53-04.html:md5,d6f6190f1713cc9981b484c1f7c937a2",
                "execution_timeline_2026-01-16_15-53-04.html:md5,26f3368df837335fda3475cb3d4a2831",
                "pipeline_dag_2026-01-16_15-53-04.html:md5,db777e964165f8e26b7e4f477c9412e5"
            ]
        ],
        "meta": {
            "nf-test": "0.9.3",
            "nextflow": "25.10.2"
        },
        "timestamp": "2026-01-16T15:54:03.624349998"
    }
}