{
    "params: --skip_fastqc false --skip_trimgalore false": {
        "content": [
            0,
            null,
            [
                "execution_report_2026-01-27_11-11-50.html",
                "execution_timeline_2026-01-27_11-11-50.html",
                "pipeline_dag_2026-01-27_11-11-50.html",
                "pipeline_info"
            ],
            [
                "execution_report_2026-01-27_11-11-50.html:md5,ec5db9d63e2df4f09d3e82f60b114b77",
                "execution_timeline_2026-01-27_11-11-50.html:md5,e820840c8942df8afb76afae523161ea",
                "pipeline_dag_2026-01-27_11-11-50.html:md5,fff2aede1c3895224728b6fd6acedf71"
            ]
        ],
        "meta": {
            "nf-test": "0.9.3",
            "nextflow": "25.10.3"
        },
        "timestamp": "2026-01-27T11:12:04.238347152"
    },
    "params: --skip_fastqc false --skip_trimgalore false -stub": {
        "content": [
            0,
            null,
            [
                "execution_report_2026-01-27_11-12-13.html",
                "execution_timeline_2026-01-27_11-12-13.html",
                "pipeline_dag_2026-01-27_11-12-13.html",
                "pipeline_info"
            ],
            [
                "execution_report_2026-01-27_11-12-13.html:md5,61002014db4797675447b5063484f99e",
                "execution_timeline_2026-01-27_11-12-13.html:md5,cf6a224277d0bebfc974637ae488e3cc",
                "pipeline_dag_2026-01-27_11-12-13.html:md5,fff2aede1c3895224728b6fd6acedf71"
            ]
        ],
        "meta": {
            "nf-test": "0.9.3",
            "nextflow": "25.10.3"
        },
        "timestamp": "2026-01-27T11:12:26.050478254"
    }
}