{
    "params: --skip_fastqc false --skip_trimgalore false": {
        "content": [
            0,
            null,
            [
                "execution_report_2026-01-16_12-54-04.html",
                "execution_timeline_2026-01-16_12-54-04.html",
                "pipeline_dag_2026-01-16_12-54-04.html",
                "pipeline_info"
            ],
            [
                "execution_report_2026-01-16_12-54-04.html:md5,74388d869662268f5f38b19d0ce501ee",
                "execution_timeline_2026-01-16_12-54-04.html:md5,0919250f194218f6306103fac22ee2d6",
                "pipeline_dag_2026-01-16_12-54-04.html:md5,eeb83820db0a78e5d08529dc44b20767"
            ]
        ],
        "meta": {
            "nf-test": "0.9.3",
            "nextflow": "25.10.2"
        },
        "timestamp": "2026-01-16T12:54:17.830551965"
    }
}