{
    "full ensembl workflow -stub": {
        "content": [
            9,
            null,
            [
                "cat",
                "cat/Total_cDNA.fa",
                "cat/concatenated_vcf.vcf",
                "cat/final_database.fa",
                "execution_report_2026-01-30_14-43-42.html",
                "execution_timeline_2026-01-30_14-43-42.html",
                "pipeline_dag_2026-01-30_14-43-42.html",
                "pipeline_info",
                "pypgatk",
                "pypgatk/Altorfs_database.fa",
                "pypgatk/cleaned_database.fa",
                "pypgatk/ensembl.dna_test.fa",
                "pypgatk/ensembl.gtf",
                "pypgatk/ensembl.pep.all.fa",
                "pypgatk/ensembl.vcf",
                "pypgatk/ensembl_cdna.all.fa",
                "pypgatk/ensembl_ncrna.fa",
                "pypgatk/ensembl_vcf.fa",
                "pypgatk/ncRNA.fa",
                "pypgatk/pseudogenes.fa"
            ],
            [
                "Total_cDNA.fa:md5,d41d8cd98f00b204e9800998ecf8427e",
                "concatenated_vcf.vcf:md5,d41d8cd98f00b204e9800998ecf8427e",
                "final_database.fa:md5,d41d8cd98f00b204e9800998ecf8427e",
                "execution_report_2026-01-30_14-43-42.html:md5,16d0589de759d11c6afed0a9c46cf092",
                "execution_timeline_2026-01-30_14-43-42.html:md5,e55b43363690529f6ca8e0275ebac503",
                "pipeline_dag_2026-01-30_14-43-42.html:md5,80bdccaa84f1c1c7365db9d9a15be3a2",
                "Altorfs_database.fa:md5,d41d8cd98f00b204e9800998ecf8427e",
                "cleaned_database.fa:md5,d41d8cd98f00b204e9800998ecf8427e",
                "ensembl.dna_test.fa:md5,d41d8cd98f00b204e9800998ecf8427e",
                "ensembl.gtf:md5,d41d8cd98f00b204e9800998ecf8427e",
                "ensembl.pep.all.fa:md5,d41d8cd98f00b204e9800998ecf8427e",
                "ensembl.vcf:md5,d41d8cd98f00b204e9800998ecf8427e",
                "ensembl_cdna.all.fa:md5,d41d8cd98f00b204e9800998ecf8427e",
                "ensembl_ncrna.fa:md5,d41d8cd98f00b204e9800998ecf8427e",
                "ensembl_vcf.fa:md5,d41d8cd98f00b204e9800998ecf8427e",
                "ncRNA.fa:md5,d41d8cd98f00b204e9800998ecf8427e",
                "pseudogenes.fa:md5,d41d8cd98f00b204e9800998ecf8427e"
            ]
        ],
        "meta": {
            "nf-test": "0.9.3",
            "nextflow": "25.10.2"
        },
        "timestamp": "2026-01-30T14:44:00.376929417"
    },
    "full ensembl workflow": {
        "content": [
            0,
            null,
            [
                "execution_report_2026-01-30_14-43-19.html",
                "execution_timeline_2026-01-30_14-43-19.html",
                "pipeline_dag_2026-01-30_14-43-19.html",
                "pipeline_info"
            ],
            [
                "execution_report_2026-01-30_14-43-19.html:md5,2e16c1f85ff759f9e81ba7870717963d",
                "execution_timeline_2026-01-30_14-43-19.html:md5,5e0f59b3061dce121b845b5ec16ebc4f",
                "pipeline_dag_2026-01-30_14-43-19.html:md5,80bdccaa84f1c1c7365db9d9a15be3a2"
            ]
        ],
        "meta": {
            "nf-test": "0.9.3",
            "nextflow": "25.10.2"
        },
        "timestamp": "2026-01-30T14:43:32.993271011"
    }
}