{
    "full pipeline test": {
        "content": [
            0,
            null,
            [
                "execution_report_2026-01-16_12-56-15.html",
                "execution_timeline_2026-01-16_12-56-15.html",
                "pipeline_dag_2026-01-16_12-56-15.html",
                "pipeline_info"
            ],
            [
                "execution_report_2026-01-16_12-56-15.html:md5,516bcb0a8d10d6304b010ef919d0e96e",
                "execution_timeline_2026-01-16_12-56-15.html:md5,a979d66bc629aaf287449577738082d3",
                "pipeline_dag_2026-01-16_12-56-15.html:md5,3b885fc56871508b6e8cd835559dd679"
            ]
        ],
        "meta": {
            "nf-test": "0.9.3",
            "nextflow": "25.10.2"
        },
        "timestamp": "2026-01-16T12:56:29.200332874"
    }
}