{
    "full ensembl workflow -stub": {
        "content": [
            7,
            null,
            [
                "cat",
                "cat/Total_cDNA.fa",
                "cat/final_database.fa",
                "execution_report_2026-01-27_11-14-02.html",
                "execution_timeline_2026-01-27_11-14-02.html",
                "pipeline_dag_2026-01-27_11-14-02.html",
                "pipeline_info",
                "pypgatk",
                "pypgatk/Altorfs_database.fa",
                "pypgatk/cleaned_database.fa",
                "pypgatk/ensembl.dna_test.fa",
                "pypgatk/ensembl.gtf",
                "pypgatk/ensembl.pep.all.fa",
                "pypgatk/ensembl.vcf",
                "pypgatk/ensembl_cdna.all.fa",
                "pypgatk/ensembl_ncrna.fa",
                "pypgatk/ncRNA.fa",
                "pypgatk/pseudogenes.fa"
            ],
            [
                "Total_cDNA.fa:md5,d41d8cd98f00b204e9800998ecf8427e",
                "final_database.fa:md5,d41d8cd98f00b204e9800998ecf8427e",
                "execution_report_2026-01-27_11-14-02.html:md5,7ca1d04f2760149627d48f3dfa6602af",
                "execution_timeline_2026-01-27_11-14-02.html:md5,e1fb72b108aeae894d9ad380e867cd8e",
                "pipeline_dag_2026-01-27_11-14-02.html:md5,b8dc0627cda1c5f6734667a42ea95b98",
                "Altorfs_database.fa:md5,d41d8cd98f00b204e9800998ecf8427e",
                "cleaned_database.fa:md5,d41d8cd98f00b204e9800998ecf8427e",
                "ensembl.dna_test.fa:md5,d41d8cd98f00b204e9800998ecf8427e",
                "ensembl.gtf:md5,d41d8cd98f00b204e9800998ecf8427e",
                "ensembl.pep.all.fa:md5,d41d8cd98f00b204e9800998ecf8427e",
                "ensembl.vcf:md5,d41d8cd98f00b204e9800998ecf8427e",
                "ensembl_cdna.all.fa:md5,d41d8cd98f00b204e9800998ecf8427e",
                "ensembl_ncrna.fa:md5,d41d8cd98f00b204e9800998ecf8427e",
                "ncRNA.fa:md5,d41d8cd98f00b204e9800998ecf8427e",
                "pseudogenes.fa:md5,d41d8cd98f00b204e9800998ecf8427e"
            ]
        ],
        "meta": {
            "nf-test": "0.9.3",
            "nextflow": "25.10.3"
        },
        "timestamp": "2026-01-27T11:14:53.609229856"
    },
    "full ensembl workflow": {
        "content": [
            7,
            null,
            [
                "cat",
                "cat/Total_cDNA.fa",
                "cat/final_database.fa",
                "execution_report_2026-01-27_11-12-35.html",
                "execution_timeline_2026-01-27_11-12-35.html",
                "pipeline_dag_2026-01-27_11-12-35.html",
                "pipeline_info",
                "pypgatk",
                "pypgatk/Altorfs_database.fa",
                "pypgatk/Saccharomyces_cerevisiae.R64-1-1.115.gtf",
                "pypgatk/Saccharomyces_cerevisiae.R64-1-1.cdna.all.fa",
                "pypgatk/Saccharomyces_cerevisiae.R64-1-1.dna_sm.toplevel.fa",
                "pypgatk/Saccharomyces_cerevisiae.R64-1-1.ncrna.fa",
                "pypgatk/Saccharomyces_cerevisiae.R64-1-1.pep.all.fa",
                "pypgatk/cleaned_database.fa",
                "pypgatk/ncRNA.fa",
                "pypgatk/pseudogenes.fa",
                "pypgatk/saccharomyces_cerevisiae_incl_consequences.vcf"
            ],
            [
                "Total_cDNA.fa:md5,9dc953dfa91b9fe8376fb9c90326db36",
                "final_database.fa:md5,20b3e39c5e3491510fce85cb98266e74",
                "execution_report_2026-01-27_11-12-35.html:md5,4e9fe0725380a73d261ce24c23c8ce56",
                "execution_timeline_2026-01-27_11-12-35.html:md5,21d1ad6403c4baba03cf90bb2855099d",
                "pipeline_dag_2026-01-27_11-12-35.html:md5,b8dc0627cda1c5f6734667a42ea95b98",
                "Altorfs_database.fa:md5,0a202ec36445d58fbfab3f6bd5427d4e",
                "Saccharomyces_cerevisiae.R64-1-1.115.gtf:md5,4546e64e896da01448bd1c207f4bb3c6",
                "Saccharomyces_cerevisiae.R64-1-1.cdna.all.fa:md5,f9b7b0b77d3320f1d46e97a4f99c3650",
                "Saccharomyces_cerevisiae.R64-1-1.dna_sm.toplevel.fa:md5,d49ac26e0a4e2719ae9a8e32f37be17b",
                "Saccharomyces_cerevisiae.R64-1-1.ncrna.fa:md5,bfaed63bb741fd5f6f0a4a12c52d54ed",
                "Saccharomyces_cerevisiae.R64-1-1.pep.all.fa:md5,f0e468e7bd05e9b8c7ceb49b7a687c2d",
                "cleaned_database.fa:md5,438f810f209ad48872c0699cebbc2096",
                "ncRNA.fa:md5,4408aa78fb81956fdd4f7e928df9f190",
                "pseudogenes.fa:md5,4408aa78fb81956fdd4f7e928df9f190",
                "saccharomyces_cerevisiae_incl_consequences.vcf:md5,5f89b8bfb7c05c15fdec9b5a51ed0bdd"
            ]
        ],
        "meta": {
            "nf-test": "0.9.3",
            "nextflow": "25.10.3"
        },
        "timestamp": "2026-01-27T11:13:38.008711233"
    }
}