{
    "params: --skip_rnaseqdb false": {
        "content": [
            4,
            null,
            [
                "execution_report_2026-01-16_16-02-23.html",
                "execution_timeline_2026-01-16_16-02-23.html",
                "pipeline_dag_2026-01-16_16-02-23.html",
                "pipeline_info"
            ],
            [
                "execution_report_2026-01-16_16-02-23.html:md5,e46667be0b6b8924e3f0de13184fa3aa",
                "execution_timeline_2026-01-16_16-02-23.html:md5,c7b5202695abc6d7bca0f15309657b21",
                "pipeline_dag_2026-01-16_16-02-23.html:md5,09edc16e5ed6ddbcd83c3c0caae26b21"
            ]
        ],
        "meta": {
            "nf-test": "0.9.3",
            "nextflow": "25.10.2"
        },
        "timestamp": "2026-01-16T16:02:54.39475865"
    },
    "params: --skip_rnaseqdb false -stub": {
        "content": [
            0,
            null,
            [
                "execution_report_2026-01-20_14-55-44.html",
                "execution_timeline_2026-01-20_14-55-44.html",
                "pipeline_dag_2026-01-20_14-55-44.html",
                "pipeline_info"
            ],
            [
                "execution_report_2026-01-20_14-55-44.html:md5,d4bb0ae289120794e9460dcbbbc0596e",
                "execution_timeline_2026-01-20_14-55-44.html:md5,9560859e0826fbd342237fd0285360ef",
                "pipeline_dag_2026-01-20_14-55-44.html:md5,2d3fd3acaa68ec0f9799c44ebb9ea2f9"
            ]
        ],
        "meta": {
            "nf-test": "0.9.3",
            "nextflow": "25.10.2"
        },
        "timestamp": "2026-01-20T14:55:57.022883471"
    }
}