{
    "params: --skip_rnaseqdb false": {
        "content": [
            0,
            null,
            [
                "execution_report_2026-01-27_11-21-08.html",
                "execution_timeline_2026-01-27_11-21-08.html",
                "pipeline_dag_2026-01-27_11-21-08.html",
                "pipeline_info"
            ],
            [
                "execution_report_2026-01-27_11-21-08.html:md5,f7102af7bd03fec6625ab2d3af8a723b",
                "execution_timeline_2026-01-27_11-21-08.html:md5,8ef5c8100d77f7fb7ae26464c8163a4e",
                "pipeline_dag_2026-01-27_11-21-08.html:md5,2d3fd3acaa68ec0f9799c44ebb9ea2f9"
            ]
        ],
        "meta": {
            "nf-test": "0.9.3",
            "nextflow": "25.10.3"
        },
        "timestamp": "2026-01-27T11:21:21.004854404"
    },
    "params: --skip_rnaseqdb false -stub": {
        "content": [
            0,
            null,
            [
                "execution_report_2026-01-27_11-21-30.html",
                "execution_timeline_2026-01-27_11-21-30.html",
                "pipeline_dag_2026-01-27_11-21-30.html",
                "pipeline_info"
            ],
            [
                "execution_report_2026-01-27_11-21-30.html:md5,5a5f32a956bcf402f83d1bf888413497",
                "execution_timeline_2026-01-27_11-21-30.html:md5,20401d1ba94364092fee1a6a89f12722",
                "pipeline_dag_2026-01-27_11-21-30.html:md5,2d3fd3acaa68ec0f9799c44ebb9ea2f9"
            ]
        ],
        "meta": {
            "nf-test": "0.9.3",
            "nextflow": "25.10.3"
        },
        "timestamp": "2026-01-27T11:21:42.897881328"
    }
}